NaN,NaN,NaN,0.36,0.67,0.98
0.45,0.03,0.88,0.04
0.01