0.01,0.5,0.77,0.66
0.5,0.42,0.42,0.42
0.17,0.02,0.34,0.92,0.99